62.73.69.89 - - [26/Aug/2023:15:42:14 +0000] "GET / HTTP/1.1" 200 1333 "-" "Mozilla/5.0 (Windows NT 10.0; Win64; x64) AppleWebKit/537.36 (KHTML, like Gecko) Chrome/116.0.0.0 Safari/537.36"
62.73.69.89 - - [26/Aug/2023:15:42:14 +0000] "GET /static/images/logo.jpg HTTP/1.1" 304 0 "http://ec2-18-198-235-238.eu-central-1.compute.amazonaws.com/" "Mozilla/5.0 (Windows NT 10.0; Win64; x64) AppleWebKit/537.36 (KHTML, like Gecko) Chrome/116.0.0.0 Safari/537.36"
172.26.0.1 - - [26/Aug/2023:15:51:55 +0000] "GET / HTTP/1.1" 200 4076 "-" "curl/7.81.0"
167.71.162.214 - - [26/Aug/2023:15:52:54 +0000] "GET / HTTP/1.1" 200 1333 "-" "Wheregoes.com Redirect Checker/1.0"
167.71.162.214 - - [26/Aug/2023:15:52:55 +0000] "GET / HTTP/1.1" 200 1333 "-" "Mozilla/5.0 (Windows NT 6.1; rv:11.0) Gecko/20100101 Firefox/11.0"
62.73.69.89 - - [26/Aug/2023:15:55:17 +0000] "GET / HTTP/1.1" 200 1333 "-" "Mozilla/5.0 (Windows NT 10.0; Win64; x64) AppleWebKit/537.36 (KHTML, like Gecko) Chrome/116.0.0.0 Safari/537.36"
62.73.69.89 - - [26/Aug/2023:15:55:17 +0000] "GET /static/assets/css/main.css HTTP/1.1" 200 6805 "http://www.mall.b-gandurov.com/" "Mozilla/5.0 (Windows NT 10.0; Win64; x64) AppleWebKit/537.36 (KHTML, like Gecko) Chrome/116.0.0.0 Safari/537.36"
62.73.69.89 - - [26/Aug/2023:15:55:18 +0000] "GET /static/styles.css HTTP/1.1" 200 846 "http://www.mall.b-gandurov.com/" "Mozilla/5.0 (Windows NT 10.0; Win64; x64) AppleWebKit/537.36 (KHTML, like Gecko) Chrome/116.0.0.0 Safari/537.36"
62.73.69.89 - - [26/Aug/2023:15:55:18 +0000] "GET /static/images/logo.jpg HTTP/1.1" 200 9555 "http://www.mall.b-gandurov.com/" "Mozilla/5.0 (Windows NT 10.0; Win64; x64) AppleWebKit/537.36 (KHTML, like Gecko) Chrome/116.0.0.0 Safari/537.36"
62.73.69.89 - - [26/Aug/2023:15:55:18 +0000] "GET /static/assets/js/jquery.min.js HTTP/1.1" 200 36059 "http://www.mall.b-gandurov.com/" "Mozilla/5.0 (Windows NT 10.0; Win64; x64) AppleWebKit/537.36 (KHTML, like Gecko) Chrome/116.0.0.0 Safari/537.36"
62.73.69.89 - - [26/Aug/2023:15:55:18 +0000] "GET /static/assets/js/browser.min.js HTTP/1.1" 200 941 "http://www.mall.b-gandurov.com/" "Mozilla/5.0 (Windows NT 10.0; Win64; x64) AppleWebKit/537.36 (KHTML, like Gecko) Chrome/116.0.0.0 Safari/537.36"
62.73.69.89 - - [26/Aug/2023:15:55:18 +0000] "GET /static/assets/js/breakpoints.min.js HTTP/1.1" 200 884 "http://www.mall.b-gandurov.com/" "Mozilla/5.0 (Windows NT 10.0; Win64; x64) AppleWebKit/537.36 (KHTML, like Gecko) Chrome/116.0.0.0 Safari/537.36"
62.73.69.89 - - [26/Aug/2023:15:55:18 +0000] "GET /static/assets/js/util.js HTTP/1.1" 200 3758 "http://www.mall.b-gandurov.com/" "Mozilla/5.0 (Windows NT 10.0; Win64; x64) AppleWebKit/537.36 (KHTML, like Gecko) Chrome/116.0.0.0 Safari/537.36"
62.73.69.89 - - [26/Aug/2023:15:55:18 +0000] "GET /static/assets/js/main.js HTTP/1.1" 200 561 "http://www.mall.b-gandurov.com/" "Mozilla/5.0 (Windows NT 10.0; Win64; x64) AppleWebKit/537.36 (KHTML, like Gecko) Chrome/116.0.0.0 Safari/537.36"
62.73.69.89 - - [26/Aug/2023:15:55:18 +0000] "GET /static/assets/css/images/bg03.jpg HTTP/1.1" 200 1747 "http://www.mall.b-gandurov.com/static/assets/css/main.css" "Mozilla/5.0 (Windows NT 10.0; Win64; x64) AppleWebKit/537.36 (KHTML, like Gecko) Chrome/116.0.0.0 Safari/537.36"
62.73.69.89 - - [26/Aug/2023:15:55:18 +0000] "GET /static/assets/css/images/bg01.jpg HTTP/1.1" 200 15227 "http://www.mall.b-gandurov.com/static/assets/css/main.css" "Mozilla/5.0 (Windows NT 10.0; Win64; x64) AppleWebKit/537.36 (KHTML, like Gecko) Chrome/116.0.0.0 Safari/537.36"
62.73.69.89 - - [26/Aug/2023:15:55:18 +0000] "GET /static/assets/css/images/bg02.jpg HTTP/1.1" 200 1590 "http://www.mall.b-gandurov.com/static/assets/css/main.css" "Mozilla/5.0 (Windows NT 10.0; Win64; x64) AppleWebKit/537.36 (KHTML, like Gecko) Chrome/116.0.0.0 Safari/537.36"
62.73.69.89 - - [26/Aug/2023:15:55:18 +0000] "GET /favicon.ico HTTP/1.1" 404 828 "http://www.mall.b-gandurov.com/" "Mozilla/5.0 (Windows NT 10.0; Win64; x64) AppleWebKit/537.36 (KHTML, like Gecko) Chrome/116.0.0.0 Safari/537.36"
62.73.69.89 - - [26/Aug/2023:15:56:34 +0000] "GET /?fbclid=IwAR36xFMlyTSdFbXBQwaVeuIHXTQAjIYzxtM9quORBE2kVPizzsWqmnJDWP8 HTTP/1.1" 200 1333 "https://l.facebook.com/" "Mozilla/5.0 (X11; Linux x86_64) AppleWebKit/537.36 (KHTML, like Gecko) Chrome/116.0.0.0 Safari/537.36"
62.73.69.89 - - [26/Aug/2023:15:56:34 +0000] "GET /static/assets/css/main.css HTTP/1.1" 200 6805 "http://www.mall.b-gandurov.com/?fbclid=IwAR36xFMlyTSdFbXBQwaVeuIHXTQAjIYzxtM9quORBE2kVPizzsWqmnJDWP8" "Mozilla/5.0 (X11; Linux x86_64) AppleWebKit/537.36 (KHTML, like Gecko) Chrome/116.0.0.0 Safari/537.36"
62.73.69.89 - - [26/Aug/2023:15:56:34 +0000] "GET /static/styles.css HTTP/1.1" 200 846 "http://www.mall.b-gandurov.com/?fbclid=IwAR36xFMlyTSdFbXBQwaVeuIHXTQAjIYzxtM9quORBE2kVPizzsWqmnJDWP8" "Mozilla/5.0 (X11; Linux x86_64) AppleWebKit/537.36 (KHTML, like Gecko) Chrome/116.0.0.0 Safari/537.36"
62.73.69.89 - - [26/Aug/2023:15:56:34 +0000] "GET /static/assets/js/jquery.min.js HTTP/1.1" 200 36059 "http://www.mall.b-gandurov.com/?fbclid=IwAR36xFMlyTSdFbXBQwaVeuIHXTQAjIYzxtM9quORBE2kVPizzsWqmnJDWP8" "Mozilla/5.0 (X11; Linux x86_64) AppleWebKit/537.36 (KHTML, like Gecko) Chrome/116.0.0.0 Safari/537.36"
62.73.69.89 - - [26/Aug/2023:15:56:34 +0000] "GET /static/assets/js/browser.min.js HTTP/1.1" 200 941 "http://www.mall.b-gandurov.com/?fbclid=IwAR36xFMlyTSdFbXBQwaVeuIHXTQAjIYzxtM9quORBE2kVPizzsWqmnJDWP8" "Mozilla/5.0 (X11; Linux x86_64) AppleWebKit/537.36 (KHTML, like Gecko) Chrome/116.0.0.0 Safari/537.36"
62.73.69.89 - - [26/Aug/2023:15:56:34 +0000] "GET /static/assets/js/breakpoints.min.js HTTP/1.1" 200 884 "http://www.mall.b-gandurov.com/?fbclid=IwAR36xFMlyTSdFbXBQwaVeuIHXTQAjIYzxtM9quORBE2kVPizzsWqmnJDWP8" "Mozilla/5.0 (X11; Linux x86_64) AppleWebKit/537.36 (KHTML, like Gecko) Chrome/116.0.0.0 Safari/537.36"
62.73.69.89 - - [26/Aug/2023:15:56:34 +0000] "GET /static/assets/js/main.js HTTP/1.1" 200 561 "http://www.mall.b-gandurov.com/?fbclid=IwAR36xFMlyTSdFbXBQwaVeuIHXTQAjIYzxtM9quORBE2kVPizzsWqmnJDWP8" "Mozilla/5.0 (X11; Linux x86_64) AppleWebKit/537.36 (KHTML, like Gecko) Chrome/116.0.0.0 Safari/537.36"
62.73.69.89 - - [26/Aug/2023:15:56:34 +0000] "GET /static/assets/js/util.js HTTP/1.1" 200 3758 "http://www.mall.b-gandurov.com/?fbclid=IwAR36xFMlyTSdFbXBQwaVeuIHXTQAjIYzxtM9quORBE2kVPizzsWqmnJDWP8" "Mozilla/5.0 (X11; Linux x86_64) AppleWebKit/537.36 (KHTML, like Gecko) Chrome/116.0.0.0 Safari/537.36"
62.73.69.89 - - [26/Aug/2023:15:56:34 +0000] "GET /static/images/logo.jpg HTTP/1.1" 200 9555 "http://www.mall.b-gandurov.com/?fbclid=IwAR36xFMlyTSdFbXBQwaVeuIHXTQAjIYzxtM9quORBE2kVPizzsWqmnJDWP8" "Mozilla/5.0 (X11; Linux x86_64) AppleWebKit/537.36 (KHTML, like Gecko) Chrome/116.0.0.0 Safari/537.36"
62.73.69.89 - - [26/Aug/2023:15:56:34 +0000] "GET /static/assets/css/images/bg03.jpg HTTP/1.1" 200 1747 "http://www.mall.b-gandurov.com/static/assets/css/main.css" "Mozilla/5.0 (X11; Linux x86_64) AppleWebKit/537.36 (KHTML, like Gecko) Chrome/116.0.0.0 Safari/537.36"
62.73.69.89 - - [26/Aug/2023:15:56:34 +0000] "GET /static/assets/css/images/bg01.jpg HTTP/1.1" 200 15227 "http://www.mall.b-gandurov.com/static/assets/css/main.css" "Mozilla/5.0 (X11; Linux x86_64) AppleWebKit/537.36 (KHTML, like Gecko) Chrome/116.0.0.0 Safari/537.36"
62.73.69.89 - - [26/Aug/2023:15:56:34 +0000] "GET /static/assets/css/images/bg02.jpg HTTP/1.1" 200 1590 "http://www.mall.b-gandurov.com/static/assets/css/main.css" "Mozilla/5.0 (X11; Linux x86_64) AppleWebKit/537.36 (KHTML, like Gecko) Chrome/116.0.0.0 Safari/537.36"
62.73.69.89 - - [26/Aug/2023:15:56:34 +0000] "GET /favicon.ico HTTP/1.1" 404 828 "http://www.mall.b-gandurov.com/?fbclid=IwAR36xFMlyTSdFbXBQwaVeuIHXTQAjIYzxtM9quORBE2kVPizzsWqmnJDWP8" "Mozilla/5.0 (X11; Linux x86_64) AppleWebKit/537.36 (KHTML, like Gecko) Chrome/116.0.0.0 Safari/537.36"
62.73.69.89 - - [26/Aug/2023:15:56:40 +0000] "GET / HTTP/1.1" 200 1333 "http://www.mall.b-gandurov.com/?fbclid=IwAR36xFMlyTSdFbXBQwaVeuIHXTQAjIYzxtM9quORBE2kVPizzsWqmnJDWP8" "Mozilla/5.0 (X11; Linux x86_64) AppleWebKit/537.36 (KHTML, like Gecko) Chrome/116.0.0.0 Safari/537.36"
62.73.69.89 - - [26/Aug/2023:15:56:41 +0000] "GET / HTTP/1.1" 200 1333 "http://www.mall.b-gandurov.com/" "Mozilla/5.0 (X11; Linux x86_64) AppleWebKit/537.36 (KHTML, like Gecko) Chrome/116.0.0.0 Safari/537.36"
62.73.69.89 - - [26/Aug/2023:15:56:43 +0000] "GET /cinema/ HTTP/1.1" 200 727 "http://www.mall.b-gandurov.com/" "Mozilla/5.0 (X11; Linux x86_64) AppleWebKit/537.36 (KHTML, like Gecko) Chrome/116.0.0.0 Safari/537.36"
62.73.69.89 - - [26/Aug/2023:15:56:43 +0000] "GET /static/cinema/seats.css HTTP/1.1" 200 538 "http://www.mall.b-gandurov.com/cinema/" "Mozilla/5.0 (X11; Linux x86_64) AppleWebKit/537.36 (KHTML, like Gecko) Chrome/116.0.0.0 Safari/537.36"
62.73.69.89 - - [26/Aug/2023:15:56:43 +0000] "GET /static/cinema/cinema.js HTTP/1.1" 200 437 "http://www.mall.b-gandurov.com/cinema/" "Mozilla/5.0 (X11; Linux x86_64) AppleWebKit/537.36 (KHTML, like Gecko) Chrome/116.0.0.0 Safari/537.36"
62.73.69.89 - - [26/Aug/2023:15:56:44 +0000] "GET /stores/ HTTP/1.1" 200 1177 "http://www.mall.b-gandurov.com/cinema/" "Mozilla/5.0 (X11; Linux x86_64) AppleWebKit/537.36 (KHTML, like Gecko) Chrome/116.0.0.0 Safari/537.36"
62.73.69.89 - - [26/Aug/2023:15:56:44 +0000] "GET /static/stores/stores.css HTTP/1.1" 200 420 "http://www.mall.b-gandurov.com/stores/" "Mozilla/5.0 (X11; Linux x86_64) AppleWebKit/537.36 (KHTML, like Gecko) Chrome/116.0.0.0 Safari/537.36"
62.73.69.89 - - [26/Aug/2023:15:56:47 +0000] "GET /parking/ HTTP/1.1" 200 1295 "http://www.mall.b-gandurov.com/stores/" "Mozilla/5.0 (X11; Linux x86_64) AppleWebKit/537.36 (KHTML, like Gecko) Chrome/116.0.0.0 Safari/537.36"
62.73.69.89 - - [26/Aug/2023:15:56:48 +0000] "GET /login/ HTTP/1.1" 200 1072 "http://www.mall.b-gandurov.com/parking/" "Mozilla/5.0 (X11; Linux x86_64) AppleWebKit/537.36 (KHTML, like Gecko) Chrome/116.0.0.0 Safari/537.36"
62.73.69.89 - - [26/Aug/2023:15:56:48 +0000] "GET /static/auth/auth.css HTTP/1.1" 200 321 "http://www.mall.b-gandurov.com/login/" "Mozilla/5.0 (X11; Linux x86_64) AppleWebKit/537.36 (KHTML, like Gecko) Chrome/116.0.0.0 Safari/537.36"
62.73.69.89 - - [26/Aug/2023:15:56:50 +0000] "GET /parking/ HTTP/1.1" 200 1295 "http://www.mall.b-gandurov.com/login/" "Mozilla/5.0 (X11; Linux x86_64) AppleWebKit/537.36 (KHTML, like Gecko) Chrome/116.0.0.0 Safari/537.36"
62.73.69.89 - - [26/Aug/2023:15:57:00 +0000] "GET / HTTP/1.1" 200 1333 "http://www.mall.b-gandurov.com/parking/" "Mozilla/5.0 (X11; Linux x86_64) AppleWebKit/537.36 (KHTML, like Gecko) Chrome/116.0.0.0 Safari/537.36"
195.78.101.75 - - [26/Aug/2023:16:33:13 +0000] "GET / HTTP/1.1" 400 154 "-" "Mozilla/5.0 (Windows NT 6.1; WOW64) AppleWebKit/537.36 (KHTML, like Gecko) Chrome/51.0.2704.103 Safari/537.36"
135.125.246.110 - - [26/Aug/2023:16:40:22 +0000] "POST / HTTP/1.1" 400 154 "-" "Mozilla/5.0 (X11; Linux x86_64) AppleWebKit/537.36 (KHTML, like Gecko) Chrome/81.0.4044.129 Safari/537.36"
135.125.246.110 - - [26/Aug/2023:16:40:22 +0000] "GET /.env HTTP/1.1" 400 154 "-" "Mozilla/5.0 (X11; Linux x86_64) AppleWebKit/537.36 (KHTML, like Gecko) Chrome/81.0.4044.129 Safari/537.36"
185.254.196.186 - - [26/Aug/2023:16:41:40 +0000] "GET /.env HTTP/1.1" 400 154 "-" "Mozilla/5.0 (X11; Linux x86_64) AppleWebKit/537.36 (KHTML, like Gecko) Chrome/81.0.4044.129 Safari/537.36"
185.254.196.186 - - [26/Aug/2023:16:41:42 +0000] "POST / HTTP/1.1" 400 154 "-" "Mozilla/5.0 (X11; Linux x86_64) AppleWebKit/537.36 (KHTML, like Gecko) Chrome/81.0.4044.129 Safari/537.36"
43.155.118.219 - - [26/Aug/2023:16:55:44 +0000] "HEAD /Core/Skin/Login.aspx HTTP/1.1" 400 0 "-" "Mozilla/5.0 (Windows NT 10.0; Win64; x64) AppleWebKit/537.36 (KHTML, like Gecko) Chrome/106.0.0.0 Safari/537.36"
15.237.24.33 - - [26/Aug/2023:17:00:01 +0000] "GET /.git/ HTTP/1.1" 404 828 "-" "Mozilla/5.0 (Windows NT 10.0; Win64; x64; rv:109.0) Gecko/20100101 Firefox/114.0"
15.237.24.33 - - [26/Aug/2023:17:00:01 +0000] "GET /git/ HTTP/1.1" 404 828 "-" "Mozilla/5.0 (Windows NT 10.0; Win64; x64; rv:109.0) Gecko/20100101 Firefox/114.0"
185.254.196.173 - - [26/Aug/2023:18:00:41 +0000] "GET /.env HTTP/1.1" 400 154 "-" "Mozilla/5.0 (X11; Linux x86_64) AppleWebKit/537.36 (KHTML, like Gecko) Chrome/81.0.4044.129 Safari/537.36"
185.254.196.173 - - [26/Aug/2023:18:00:41 +0000] "POST / HTTP/1.1" 400 154 "-" "Mozilla/5.0 (X11; Linux x86_64) AppleWebKit/537.36 (KHTML, like Gecko) Chrome/81.0.4044.129 Safari/537.36"
43.155.118.219 - - [26/Aug/2023:18:29:09 +0000] "HEAD /Core/Skin/Login.aspx HTTP/1.1" 400 0 "-" "Mozilla/5.0 (Windows NT 10.0; Win64; x64) AppleWebKit/537.36 (KHTML, like Gecko) Chrome/106.0.0.0 Safari/537.36"
135.125.246.110 - - [26/Aug/2023:19:09:41 +0000] "POST / HTTP/1.1" 400 154 "-" "Mozilla/5.0 (X11; Linux x86_64) AppleWebKit/537.36 (KHTML, like Gecko) Chrome/81.0.4044.129 Safari/537.36"
135.125.246.110 - - [26/Aug/2023:19:09:41 +0000] "GET /.env HTTP/1.1" 400 154 "-" "Mozilla/5.0 (X11; Linux x86_64) AppleWebKit/537.36 (KHTML, like Gecko) Chrome/81.0.4044.129 Safari/537.36"
185.254.196.173 - - [26/Aug/2023:19:34:51 +0000] "GET /.env HTTP/1.1" 400 154 "-" "Mozilla/5.0 (X11; Linux x86_64) AppleWebKit/537.36 (KHTML, like Gecko) Chrome/81.0.4044.129 Safari/537.36"
185.254.196.173 - - [26/Aug/2023:19:34:52 +0000] "POST / HTTP/1.1" 400 154 "-" "Mozilla/5.0 (X11; Linux x86_64) AppleWebKit/537.36 (KHTML, like Gecko) Chrome/81.0.4044.129 Safari/537.36"
138.197.204.67 - - [26/Aug/2023:19:41:05 +0000] "GET / HTTP/1.0" 200 4076 "-" "Mozilla/5.0 (X11; Linux x86_64; rv:98.0) Gecko/20100101 Firefox/98.0"
154.209.125.126 - - [26/Aug/2023:19:42:28 +0000] "GET / HTTP/1.1" 400 154 "-" "Mozilla/5.0 (Macintosh; Intel Mac OS X 10.11; rv:47.0) Gecko/20100101 Firefox/47.0"
43.155.118.219 - - [26/Aug/2023:20:01:57 +0000] "HEAD /Core/Skin/Login.aspx HTTP/1.1" 400 0 "-" "Mozilla/5.0 (Windows NT 10.0; Win64; x64) AppleWebKit/537.36 (KHTML, like Gecko) Chrome/106.0.0.0 Safari/537.36"
135.125.246.110 - - [26/Aug/2023:20:32:34 +0000] "POST / HTTP/1.1" 400 154 "-" "Mozilla/5.0 (X11; Linux x86_64) AppleWebKit/537.36 (KHTML, like Gecko) Chrome/81.0.4044.129 Safari/537.36"
135.125.246.110 - - [26/Aug/2023:20:32:34 +0000] "GET /.env HTTP/1.1" 400 154 "-" "Mozilla/5.0 (X11; Linux x86_64) AppleWebKit/537.36 (KHTML, like Gecko) Chrome/81.0.4044.129 Safari/537.36"
185.254.196.186 - - [26/Aug/2023:21:02:38 +0000] "GET /.env HTTP/1.1" 400 154 "-" "Mozilla/5.0 (X11; Linux x86_64) AppleWebKit/537.36 (KHTML, like Gecko) Chrome/81.0.4044.129 Safari/537.36"
185.254.196.186 - - [26/Aug/2023:21:02:38 +0000] "POST / HTTP/1.1" 400 154 "-" "Mozilla/5.0 (X11; Linux x86_64) AppleWebKit/537.36 (KHTML, like Gecko) Chrome/81.0.4044.129 Safari/537.36"
43.155.118.219 - - [26/Aug/2023:21:34:45 +0000] "HEAD /Core/Skin/Login.aspx HTTP/1.1" 400 0 "-" "Mozilla/5.0 (Windows NT 10.0; Win64; x64) AppleWebKit/537.36 (KHTML, like Gecko) Chrome/106.0.0.0 Safari/537.36"
66.175.213.4 - - [26/Aug/2023:21:48:27 +0000] "\x16\x03\x01\x00\x85\x01\x00\x00\x81\x03\x03\x1CJ\xBB\x1A\xDCt\xC7" 400 157 "-" "-"
135.125.246.110 - - [26/Aug/2023:21:52:02 +0000] "POST / HTTP/1.1" 400 154 "-" "Mozilla/5.0 (X11; Linux x86_64) AppleWebKit/537.36 (KHTML, like Gecko) Chrome/81.0.4044.129 Safari/537.36"
135.125.246.110 - - [26/Aug/2023:21:52:02 +0000] "GET /.env HTTP/1.1" 400 154 "-" "Mozilla/5.0 (X11; Linux x86_64) AppleWebKit/537.36 (KHTML, like Gecko) Chrome/81.0.4044.129 Safari/537.36"
45.33.87.154 - - [26/Aug/2023:22:01:20 +0000] "GET / HTTP/1.1" 400 154 "-" "Mozilla/5.0 zgrab/0.x"
45.79.128.205 - - [26/Aug/2023:22:01:35 +0000] "GET / HTTP/1.1" 400 154 "-" "Mozilla/5.0 (Macintosh; Intel Mac OS X 13_1) AppleWebKit/537.36 (KHTML, like Gecko) Chrome/108.0.0.0 Safari/537.36"
135.125.246.110 - - [26/Aug/2023:22:35:59 +0000] "POST / HTTP/1.1" 400 154 "-" "Mozilla/5.0 (X11; Linux x86_64) AppleWebKit/537.36 (KHTML, like Gecko) Chrome/81.0.4044.129 Safari/537.36"
135.125.246.110 - - [26/Aug/2023:22:35:59 +0000] "GET /.env HTTP/1.1" 400 154 "-" "Mozilla/5.0 (X11; Linux x86_64) AppleWebKit/537.36 (KHTML, like Gecko) Chrome/81.0.4044.129 Safari/537.36"
43.155.118.219 - - [26/Aug/2023:23:07:39 +0000] "HEAD /Core/Skin/Login.aspx HTTP/1.1" 400 0 "-" "Mozilla/5.0 (Windows NT 10.0; Win64; x64) AppleWebKit/537.36 (KHTML, like Gecko) Chrome/106.0.0.0 Safari/537.36"
16.171.29.80 - - [26/Aug/2023:23:34:02 +0000] "GET / HTTP/1.1" 400 154 "-" "Mozilla/5.0 (Windows NT 10.0; WOW64) AppleWebKit/537.36 (KHTML, like Gecko) Chrome/75.0.3770.143 YaBrowser/19.7.2.516 Yowser/2.5 Safari/537.36"
16.171.29.80 - - [26/Aug/2023:23:39:51 +0000] "GET / HTTP/1.1" 400 154 "-" "Mozilla/5.0 (Linux; Android 7.0; FRD-L09) AppleWebKit/537.36 (KHTML, like Gecko) Chrome/76.0.3809.111 Mobile Safari/537.36"
172.104.11.51 - - [26/Aug/2023:23:47:56 +0000] "\x16\x03\x01\x00\x85\x01\x00\x00\x81\x03\x03b\x16\xB0\xE4\x0B&fR\x15\xEBb\xFE\xD0\xB1lIe\xB1s\x9D\xE4\xAD\xA4D\xF5\x84\x17\xC4\xBB\xD5\xC8\x14\x00\x00 \xC0/\xC00\xC0+\xC0,\xCC\xA8\xCC\xA9\xC0\x13\xC0\x09\xC0\x14\xC0" 400 157 "-" "-"
185.254.196.173 - - [27/Aug/2023:00:11:14 +0000] "GET /.env HTTP/1.1" 400 154 "-" "Mozilla/5.0 (X11; Linux x86_64) AppleWebKit/537.36 (KHTML, like Gecko) Chrome/81.0.4044.129 Safari/537.36"
185.254.196.173 - - [27/Aug/2023:00:11:15 +0000] "POST / HTTP/1.1" 400 154 "-" "Mozilla/5.0 (X11; Linux x86_64) AppleWebKit/537.36 (KHTML, like Gecko) Chrome/81.0.4044.129 Safari/537.36"
135.125.246.110 - - [27/Aug/2023:00:24:25 +0000] "POST / HTTP/1.1" 400 154 "-" "Mozilla/5.0 (X11; Linux x86_64) AppleWebKit/537.36 (KHTML, like Gecko) Chrome/81.0.4044.129 Safari/537.36"
135.125.246.110 - - [27/Aug/2023:00:24:25 +0000] "GET /.env HTTP/1.1" 400 154 "-" "Mozilla/5.0 (X11; Linux x86_64) AppleWebKit/537.36 (KHTML, like Gecko) Chrome/81.0.4044.129 Safari/537.36"
35.203.211.93 - - [27/Aug/2023:00:36:01 +0000] "GET / HTTP/1.1" 400 154 "-" "Expanse, a Palo Alto Networks company, searches across the global IPv4 space multiple times per day to identify customers&#39; presences on the Internet. If you would like to be excluded from our scans, please send IP addresses/domains to: scaninfo@paloaltonetworks.com"
43.155.118.219 - - [27/Aug/2023:00:40:35 +0000] "HEAD /Core/Skin/Login.aspx HTTP/1.1" 400 0 "-" "Mozilla/5.0 (Windows NT 10.0; Win64; x64) AppleWebKit/537.36 (KHTML, like Gecko) Chrome/106.0.0.0 Safari/537.36"
184.105.247.194 - - [27/Aug/2023:02:11:30 +0000] "\x16\x03\x01\x00{\x01\x00\x00w\x03\x03\x85TU\xAE3\xC0\xF8\x8A\x0Bq^6\xB4\xB1\x82:\x05w\x95\x049\xC3\xCE%\x9B\xEAh\x8F\xD6\x9E\x0Bp\x00\x00\x1A\xC0/\xC0+\xC0\x11\xC0\x07\xC0\x13\xC0\x09\xC0\x14\xC0" 400 157 "-" "-"
43.155.118.219 - - [27/Aug/2023:02:13:39 +0000] "HEAD /Core/Skin/Login.aspx HTTP/1.1" 400 0 "-" "Mozilla/5.0 (Windows NT 10.0; Win64; x64) AppleWebKit/537.36 (KHTML, like Gecko) Chrome/106.0.0.0 Safari/537.36"
198.235.24.83 - - [27/Aug/2023:02:17:34 +0000] "\x16\x03\x01\x00\xCA\x01\x00\x00\xC6\x03\x03x\xAE\x1F\xB4 _\x0F~\x9C\xF1\x22k\xFA\xAD\xDB\x0B\x9Dr,\x93\x1D\xB1\x0FE\x1D=\xDB\xFCl\x9F[9\x00\x00h\xCC\x14\xCC\x13\xC0/\xC0+\xC00\xC0,\xC0\x11\xC0\x07\xC0'\xC0#\xC0\x13\xC0\x09\xC0(\xC0$\xC0\x14\xC0" 400 157 "-" "-"
192.241.197.8 - - [27/Aug/2023:02:19:03 +0000] "MGLNDD_18.198.235.238_80" 400 157 "-" "-"
3.230.173.139 - - [27/Aug/2023:02:35:21 +0000] "GET / HTTP/1.1" 400 154 "-" "Mozilla/5.0 (Linux; Android 9; CLT-AL00 Build/HUAWEICLT-AL00; wv) AppleWebKit/537.36 (KHTML, like Gecko) Version/4.0 Chrome/66.0.3359.126 MQQBrowser/6.2 TBS/044807 Mobile Safari/537.36 MMWEBID/9069 MicroMessenger/7.0.6.1460(0x27000634) Process/tools NetType/WIFI Language/zh_CN"
135.125.246.189 - - [27/Aug/2023:02:37:25 +0000] "GET /.env HTTP/1.1" 400 154 "-" "Mozilla/5.0 (X11; Linux x86_64) AppleWebKit/537.36 (KHTML, like Gecko) Chrome/81.0.4044.129 Safari/537.36"
135.125.246.189 - - [27/Aug/2023:02:37:25 +0000] "POST / HTTP/1.1" 400 154 "-" "Mozilla/5.0 (X11; Linux x86_64) AppleWebKit/537.36 (KHTML, like Gecko) Chrome/81.0.4044.129 Safari/537.36"
43.155.118.219 - - [27/Aug/2023:03:46:35 +0000] "HEAD /Core/Skin/Login.aspx HTTP/1.1" 400 0 "-" "Mozilla/5.0 (Windows NT 10.0; Win64; x64) AppleWebKit/537.36 (KHTML, like Gecko) Chrome/106.0.0.0 Safari/537.36"
135.125.246.189 - - [27/Aug/2023:04:30:24 +0000] "GET /.env HTTP/1.1" 400 154 "-" "Mozilla/5.0 (X11; Linux x86_64) AppleWebKit/537.36 (KHTML, like Gecko) Chrome/81.0.4044.129 Safari/537.36"
135.125.246.189 - - [27/Aug/2023:04:30:24 +0000] "POST / HTTP/1.1" 400 154 "-" "Mozilla/5.0 (X11; Linux x86_64) AppleWebKit/537.36 (KHTML, like Gecko) Chrome/81.0.4044.129 Safari/537.36"
185.254.196.186 - - [27/Aug/2023:04:38:28 +0000] "GET /.env HTTP/1.1" 400 154 "-" "Mozilla/5.0 (X11; Linux x86_64) AppleWebKit/537.36 (KHTML, like Gecko) Chrome/81.0.4044.129 Safari/537.36"
185.254.196.186 - - [27/Aug/2023:04:38:31 +0000] "POST / HTTP/1.1" 400 154 "-" "Mozilla/5.0 (X11; Linux x86_64) AppleWebKit/537.36 (KHTML, like Gecko) Chrome/81.0.4044.129 Safari/537.36"
14.225.252.51 - - [27/Aug/2023:05:14:17 +0000] "POST /GponForm/diag_Form?images/ HTTP/1.1" 400 157 "-" "Hello, World"
43.155.118.219 - - [27/Aug/2023:05:19:41 +0000] "HEAD /Core/Skin/Login.aspx HTTP/1.1" 400 0 "-" "Mozilla/5.0 (Windows NT 10.0; Win64; x64) AppleWebKit/537.36 (KHTML, like Gecko) Chrome/106.0.0.0 Safari/537.36"
205.210.31.128 - - [27/Aug/2023:05:23:20 +0000] "GET / HTTP/1.1" 400 154 "-" "Expanse, a Palo Alto Networks company, searches across the global IPv4 space multiple times per day to identify customers&#39; presences on the Internet. If you would like to be excluded from our scans, please send IP addresses/domains to: scaninfo@paloaltonetworks.com"
107.1.208.106 - - [27/Aug/2023:05:26:40 +0000] "GET / HTTP/1.1" 400 154 "-" "Mozilla/5.0 (Windows NT 6.1; WOW64) AppleWebKit/537.36 (KHTML, like Gecko) Chrome/51.0.2704.103 Safari/537.36"
185.254.196.186 - - [27/Aug/2023:05:53:59 +0000] "GET /.env HTTP/1.1" 400 154 "-" "Mozilla/5.0 (X11; Linux x86_64) AppleWebKit/537.36 (KHTML, like Gecko) Chrome/81.0.4044.129 Safari/537.36"
185.254.196.186 - - [27/Aug/2023:05:54:00 +0000] "POST / HTTP/1.1" 400 154 "-" "Mozilla/5.0 (X11; Linux x86_64) AppleWebKit/537.36 (KHTML, like Gecko) Chrome/81.0.4044.129 Safari/537.36"
135.125.246.189 - - [27/Aug/2023:05:55:25 +0000] "GET /.env HTTP/1.1" 400 154 "-" "Mozilla/5.0 (X11; Linux x86_64) AppleWebKit/537.36 (KHTML, like Gecko) Chrome/81.0.4044.129 Safari/537.36"
135.125.246.189 - - [27/Aug/2023:05:55:25 +0000] "POST / HTTP/1.1" 400 154 "-" "Mozilla/5.0 (X11; Linux x86_64) AppleWebKit/537.36 (KHTML, like Gecko) Chrome/81.0.4044.129 Safari/537.36"
162.142.125.225 - - [27/Aug/2023:06:08:56 +0000] "GET / HTTP/1.1" 400 154 "-" "-"
162.142.125.225 - - [27/Aug/2023:06:08:56 +0000] "GET / HTTP/1.1" 400 154 "-" "Mozilla/5.0 (compatible; CensysInspect/1.1; +https://about.censys.io/)"
162.142.125.225 - - [27/Aug/2023:06:08:56 +0000] "PRI * HTTP/2.0" 400 157 "-" "-"
198.235.24.241 - - [27/Aug/2023:06:47:54 +0000] "GET / HTTP/1.0" 200 4076 "-" "Expanse, a Palo Alto Networks company, searches across the global IPv4 space multiple times per day to identify customers&#39; presences on the Internet. If you would like to be excluded from our scans, please send IP addresses/domains to: scaninfo@paloaltonetworks.com"
43.155.118.219 - - [27/Aug/2023:06:52:47 +0000] "HEAD /Core/Skin/Login.aspx HTTP/1.1" 400 0 "-" "Mozilla/5.0 (Windows NT 10.0; Win64; x64) AppleWebKit/537.36 (KHTML, like Gecko) Chrome/106.0.0.0 Safari/537.36"
138.197.15.3 - - [27/Aug/2023:07:10:18 +0000] "GET /aaa9 HTTP/1.1" 400 154 "-" "Mozilla/5.0 zgrab/0.x"
138.197.15.3 - - [27/Aug/2023:07:10:25 +0000] "GET /aab8 HTTP/1.1" 400 154 "-" "Mozilla/5.0 zgrab/0.x"
138.197.15.3 - - [27/Aug/2023:07:10:39 +0000] "GET / HTTP/1.1" 400 154 "-" "Mozilla/5.0 zgrab/0.x"
78.140.204.2 - - [27/Aug/2023:07:16:55 +0000] "GET / HTTP/1.1" 400 154 "-" "Mozilla/5.0 (Windows NT 6.1; WOW64) AppleWebKit/537.36 (KHTML, like Gecko) Chrome/52.0.2743.116 Safari/537.36"
185.254.196.173 - - [27/Aug/2023:07:29:21 +0000] "GET /.env HTTP/1.1" 400 154 "-" "Mozilla/5.0 (X11; Linux x86_64) AppleWebKit/537.36 (KHTML, like Gecko) Chrome/81.0.4044.129 Safari/537.36"
185.254.196.173 - - [27/Aug/2023:07:29:21 +0000] "POST / HTTP/1.1" 400 154 "-" "Mozilla/5.0 (X11; Linux x86_64) AppleWebKit/537.36 (KHTML, like Gecko) Chrome/81.0.4044.129 Safari/537.36"
135.125.246.189 - - [27/Aug/2023:07:36:12 +0000] "GET /.env HTTP/1.1" 400 154 "-" "Mozilla/5.0 (X11; Linux x86_64) AppleWebKit/537.36 (KHTML, like Gecko) Chrome/81.0.4044.129 Safari/537.36"
135.125.246.189 - - [27/Aug/2023:07:36:12 +0000] "POST / HTTP/1.1" 400 154 "-" "Mozilla/5.0 (X11; Linux x86_64) AppleWebKit/537.36 (KHTML, like Gecko) Chrome/81.0.4044.129 Safari/537.36"
216.218.206.68 - - [27/Aug/2023:07:44:05 +0000] "GET / HTTP/1.1" 400 154 "-" "Mozilla/5.0 (X11; Ubuntu; Linux x86_64; rv:109.0) Gecko/20100101 Firefox/110.0"
216.218.206.68 - - [27/Aug/2023:07:47:32 +0000] "GET /geoserver/web/ HTTP/1.1" 400 154 "-" "Mozilla/5.0 (X11; Ubuntu; Linux x86_64; rv:109.0) Gecko/20100101 Firefox/110.0"
43.155.118.219 - - [27/Aug/2023:08:25:55 +0000] "HEAD /Core/Skin/Login.aspx HTTP/1.1" 400 0 "-" "Mozilla/5.0 (Windows NT 10.0; Win64; x64) AppleWebKit/537.36 (KHTML, like Gecko) Chrome/106.0.0.0 Safari/537.36"
185.254.196.186 - - [27/Aug/2023:08:51:45 +0000] "GET /.env HTTP/1.1" 400 154 "-" "Mozilla/5.0 (X11; Linux x86_64) AppleWebKit/537.36 (KHTML, like Gecko) Chrome/81.0.4044.129 Safari/537.36"
185.254.196.186 - - [27/Aug/2023:08:51:45 +0000] "POST / HTTP/1.1" 400 154 "-" "Mozilla/5.0 (X11; Linux x86_64) AppleWebKit/537.36 (KHTML, like Gecko) Chrome/81.0.4044.129 Safari/537.36"
54.85.73.77 - - [27/Aug/2023:08:59:18 +0000] "GET /gate.php HTTP/1.1" 400 154 "-" "Mozilla/5.0 (Windows NT 10.0; Win64; x64) AppleWebKit/537.36 (KHTML, like Gecko) Chrome/110.0.0.0 Safari/537.36"
54.85.73.77 - - [27/Aug/2023:08:59:18 +0000] "GET /99vt HTTP/1.1" 400 154 "-" "Mozilla/5.0 (Windows NT 10.0; Win64; x64) AppleWebKit/537.36 (KHTML, like Gecko) Chrome/110.0.0.0 Safari/537.36"
54.85.73.77 - - [27/Aug/2023:08:59:18 +0000] "GET /aaaaaaaaaaaaaaaaaaaaaaaaaqr HTTP/1.1" 400 154 "-" "Mozilla/5.0 (Windows NT 10.0; Win64; x64) AppleWebKit/537.36 (KHTML, like Gecko) Chrome/110.0.0.0 Safari/537.36"
54.85.73.77 - - [27/Aug/2023:08:59:18 +0000] "GET /robots.txt HTTP/1.1" 400 154 "-" "Mozilla/5.0 (Windows NT 10.0; Win64; x64) AppleWebKit/537.36 (KHTML, like Gecko) Chrome/110.0.0.0 Safari/537.36"
54.85.73.77 - - [27/Aug/2023:08:59:18 +0000] "GET /robots.txt HTTP/1.1" 400 154 "-" "Mozilla/5.0 (Windows NT 10.0; Win64; x64) AppleWebKit/537.36 (KHTML, like Gecko) Chrome/110.0.0.0 Safari/537.36"
54.85.73.77 - - [27/Aug/2023:08:59:18 +0000] "GET / HTTP/1.1" 400 154 "-" "Mozilla/5.0 (Windows NT 10.0; Win64; x64) AppleWebKit/537.36 (KHTML, like Gecko) Chrome/110.0.0.0 Safari/537.36"
54.85.73.77 - - [27/Aug/2023:08:59:18 +0000] "\x16\x03\x01\x00\xFC\x01\x00\x00\xF8\x03\x03\x84\x1F\x94\xCF\xA4\xD6\x9D\x984\x93\x01\xA7\xD2\xB8\x0Ck\xA0yv\xB9\xC3\xC8\xA1b\x84,{\xC4" 400 157 "-" "-"
54.85.73.77 - - [27/Aug/2023:08:59:18 +0000] "\x16\x03\x01\x00\xFC\x01\x00\x00\xF8\x03\x03\xB2\xFF?\xF8\xD5/\x86H\xAC-\x84g\xE1\xEF`\x8BS>\xE62\x9F:s\xAB\xDE\x1AwH\x96O\x8A\xAF \xCD\xD1No0m{\xD5_\xF7l>\xEFZ\xE5\x5C\xB3\x01bB\xC2\x80K\xC5?k\x82\xB8\xE4\xA4\xD4x\x00&\xC0+\xC0/\xC0,\xC00\xCC\xA9\xCC\xA8\xC0\x09\xC0\x13\xC0" 400 157 "-" "-"
54.85.73.77 - - [27/Aug/2023:08:59:18 +0000] "\xEDeq\xC2\x01\x01\x00\x00\x00\x02\x00;\x9C_*\x8E\x19I\x81HXG\xFC\xEC\xEE\xBC\xE5\xCC\xAE\x15\x8E>VH\xAC\x80rj&\x15:c\x1D \xC0l\x00\x85i\xC2d\xFA!\x9A?\x7F" 400 157 "-" "-"
54.85.73.77 - - [27/Aug/2023:08:59:18 +0000] "\xF8\xFB\x22\xE2\x00\xB3v-\xD4\xDE\x99\xBE<\xF8\xE8\xAE\x17p=\xECOx\x83\xC08\x97\x14f\xDB\x0FI\x96" 400 157 "-" "-"
54.85.73.77 - - [27/Aug/2023:08:59:18 +0000] "\x16\x03\x01\x00\xFC\x01\x00\x00\xF8\x03\x03\xA3\x8B\x9C\xAF\xF62\x8A\xD6r\x83\x85\xDB\x11\xC6\x86\x93\x80\x12;[\xA1\xAD\xC0\xB9\x92\x1F\xB4.\xE0\xABP< :\xB6\xEC\xAD\xC7h\xD8\xDC%\x82\x9C~\x10'D\x10R\xC0\x95R\xC1\x0Fn\x830M\xE8\xBC\xC1t\xA7!\x00&\xC0+\xC0/\xC0,\xC00\xCC\xA9\xCC\xA8\xC0\x09\xC0\x13\xC0" 400 157 "-" "-"
54.85.73.77 - - [27/Aug/2023:08:59:18 +0000] "\x16\x03\x01\x00\xFC\x01\x00\x00\xF8\x03\x03q\xA7\xF2>b\x1EX;\x8D\xF8\xCAm\xFF\xCDL\x86s\x82\xD94\x11\xFC\x8D\x10\xA4I\xF6\xC9\xE0\x81W\x8F \x98;+Z\x91\x8Dv\x85Q\xFC\x90\xD45\xCE\xA0<\xFCK\xD55\xEF\xF5\xF2\x1A.L\xCB\x8A/\x22\x91!\x00&\xC0+\xC0/\xC0,\xC00\xCC\xA9\xCC\xA8\xC0\x09\xC0\x13\xC0" 400 157 "-" "-"
54.85.73.77 - - [27/Aug/2023:08:59:18 +0000] "\x16\x03\x01\x00\xFC\x01\x00\x00\xF8\x03\x03U;\xD9:C\xFB\xC63k\xB8\xDEhpDH\x10Y\x1A\xE0!c\xD7\xE2\x90N\x18\xC6\x19\xD3\xC8M\xFC \xA2\xD3\x07\x1D\xB1J\x9E\x8E\xD0\xB6\xA0\x22\xE0\xD3*.\x850\xCFR\xE6\xE0b\x9C\xD5,Y\xCB.A\x191\x00&\xC0+\xC0/\xC0,\xC00\xCC\xA9\xCC\xA8\xC0\x09\xC0\x13\xC0" 400 157 "-" "-"
54.85.73.77 - - [27/Aug/2023:08:59:19 +0000] "GET /99vu HTTP/1.1" 400 154 "-" "Mozilla/5.0 (Windows NT 10.0; Win64; x64) AppleWebKit/537.36 (KHTML, like Gecko) Chrome/110.0.0.0 Safari/537.36"
135.125.246.189 - - [27/Aug/2023:09:06:50 +0000] "GET /.env HTTP/1.1" 400 154 "-" "Mozilla/5.0 (X11; Linux x86_64) AppleWebKit/537.36 (KHTML, like Gecko) Chrome/81.0.4044.129 Safari/537.36"
135.125.246.189 - - [27/Aug/2023:09:06:50 +0000] "POST / HTTP/1.1" 400 154 "-" "Mozilla/5.0 (X11; Linux x86_64) AppleWebKit/537.36 (KHTML, like Gecko) Chrome/81.0.4044.129 Safari/537.36"
205.210.31.152 - - [27/Aug/2023:09:07:34 +0000] "\x16\x03\x01\x00\xCA\x01\x00\x00\xC6\x03\x03\xFF\xB5\xB9!\xA3\x17\x94PF\x8FX_\xC9\xC6\xDDM\xD2\xA1\xD5\x1C\xFB\xE5\x80\xAATvr\xE4\xBA\x9D\x85\xEA\x00\x00h\xCC\x14\xCC\x13\xC0/\xC0+\xC00\xC0,\xC0\x11\xC0\x07\xC0'\xC0#\xC0\x13\xC0\x09\xC0(\xC0$\xC0\x14\xC0" 400 157 "-" "-"
205.210.31.152 - - [27/Aug/2023:09:12:06 +0000] "GET / HTTP/1.0" 200 4076 "-" "Expanse, a Palo Alto Networks company, searches across the global IPv4 space multiple times per day to identify customers&#39; presences on the Internet. If you would like to be excluded from our scans, please send IP addresses/domains to: scaninfo@paloaltonetworks.com"
45.79.181.223 - - [27/Aug/2023:09:46:45 +0000] "\x16\x03\x01\x00\x85\x01\x00\x00\x81\x03\x03\x81\xFD\x81\x1E3\xF9\xD9'\xB2\x83\xE0\xF9\x09\x1AM\xC9\xCEo\x84-\x8D\xDAj\xB0\x92t\xE7\x15\x13\xAF\x01\x81\x00\x00 \xC0/\xC00\xC0+\xC0,\xCC\xA8\xCC\xA9\xC0\x13\xC0\x09\xC0\x14\xC0" 400 157 "-" "-"
43.155.118.219 - - [27/Aug/2023:09:59:07 +0000] "HEAD /Core/Skin/Login.aspx HTTP/1.1" 400 0 "-" "Mozilla/5.0 (Windows NT 10.0; Win64; x64) AppleWebKit/537.36 (KHTML, like Gecko) Chrome/106.0.0.0 Safari/537.36"
185.254.196.173 - - [27/Aug/2023:10:40:51 +0000] "GET /.env HTTP/1.1" 400 154 "-" "Mozilla/5.0 (X11; Linux x86_64) AppleWebKit/537.36 (KHTML, like Gecko) Chrome/81.0.4044.129 Safari/537.36"
185.254.196.173 - - [27/Aug/2023:10:40:52 +0000] "POST / HTTP/1.1" 400 154 "-" "Mozilla/5.0 (X11; Linux x86_64) AppleWebKit/537.36 (KHTML, like Gecko) Chrome/81.0.4044.129 Safari/537.36"
34.79.162.186 - - [27/Aug/2023:11:00:06 +0000] "GET / HTTP/1.1" 400 154 "-" "python-requests/2.31.0"
165.22.47.52 - - [27/Aug/2023:11:06:08 +0000] "GET /aaa9 HTTP/1.1" 400 154 "-" "Mozilla/5.0 zgrab/0.x"
165.22.47.52 - - [27/Aug/2023:11:06:26 +0000] "GET /aab8 HTTP/1.1" 400 154 "-" "Mozilla/5.0 zgrab/0.x"
165.22.47.52 - - [27/Aug/2023:11:06:40 +0000] "GET / HTTP/1.1" 400 154 "-" "Mozilla/5.0 zgrab/0.x"
103.203.57.7 - - [27/Aug/2023:11:07:46 +0000] "GET / HTTP/1.1" 400 154 "-" "HTTP Banner Detection (https://security.ipip.net)"
45.56.108.128 - - [27/Aug/2023:11:08:21 +0000] "GET /systembc/password.php HTTP/1.0" 404 2252 "-" "Mozilla/5.0 (Macintosh; Intel Mac OS X 10_15_7) AppleWebKit/537.36 (KHTML, like Gecko) Chrome/107.0.0.0 Safari/537.36"
3.230.173.139 - - [27/Aug/2023:11:15:57 +0000] "GET / HTTP/1.1" 400 154 "-" "Mozilla/5.0 (Linux; Android 9; Mi A2 Lite) AppleWebKit/537.36 (KHTML, like Gecko) Chrome/75.0.3770.101 Mobile Safari/537.36"
198.235.24.159 - - [27/Aug/2023:11:16:04 +0000] "GET / HTTP/1.1" 400 154 "-" "-"
135.125.246.189 - - [27/Aug/2023:11:23:02 +0000] "GET /.env HTTP/1.1" 400 154 "-" "Mozilla/5.0 (X11; Linux x86_64) AppleWebKit/537.36 (KHTML, like Gecko) Chrome/81.0.4044.129 Safari/537.36"
135.125.246.189 - - [27/Aug/2023:11:23:02 +0000] "POST / HTTP/1.1" 400 154 "-" "Mozilla/5.0 (X11; Linux x86_64) AppleWebKit/537.36 (KHTML, like Gecko) Chrome/81.0.4044.129 Safari/537.36"
138.197.15.3 - - [27/Aug/2023:11:25:08 +0000] "GET /aaa9 HTTP/1.1" 400 154 "-" "Mozilla/5.0 zgrab/0.x"
138.197.15.3 - - [27/Aug/2023:11:25:23 +0000] "GET /aab8 HTTP/1.1" 400 154 "-" "Mozilla/5.0 zgrab/0.x"
138.197.15.3 - - [27/Aug/2023:11:25:38 +0000] "GET / HTTP/1.1" 400 154 "-" "Mozilla/5.0 zgrab/0.x"
43.155.118.219 - - [27/Aug/2023:11:31:49 +0000] "HEAD /Core/Skin/Login.aspx HTTP/1.1" 400 0 "-" "Mozilla/5.0 (Windows NT 10.0; Win64; x64) AppleWebKit/537.36 (KHTML, like Gecko) Chrome/106.0.0.0 Safari/537.36"
54.202.114.214 - - [27/Aug/2023:11:41:14 +0000] "GET /.git/HEAD HTTP/1.1" 400 154 "-" "Python-urllib/3.10"
172.104.11.46 - - [27/Aug/2023:11:53:41 +0000] "\x16\x03\x01\x00\x85\x01\x00\x00\x81\x03\x03g\xC7{L\xC8;\xAD\xCD\xE4\x9A44\xE7" 400 157 "-" "-"
18.207.248.41 - - [27/Aug/2023:11:55:28 +0000] "GET /.git/config HTTP/1.1" 400 154 "-" "python-requests/2.25.1"
104.131.144.23 - - [27/Aug/2023:12:38:11 +0000] "GET / HTTP/1.1" 400 154 "-" "Mozilla/5.0 zgrab/0.x"
64.227.150.86 - - [27/Aug/2023:12:39:21 +0000] "GET /aaa9 HTTP/1.1" 400 154 "-" "Mozilla/5.0 zgrab/0.x"
64.227.150.86 - - [27/Aug/2023:12:39:29 +0000] "GET /aab8 HTTP/1.1" 400 154 "-" "Mozilla/5.0 zgrab/0.x"
64.227.150.86 - - [27/Aug/2023:12:39:46 +0000] "GET / HTTP/1.1" 400 154 "-" "Mozilla/5.0 zgrab/0.x"
54.179.17.106 - - [27/Aug/2023:12:50:45 +0000] "GET / HTTP/1.1" 400 154 "-" "Mozilla/5.0 (Windows NT 6.1; WOW64) AppleWebKit/536.6 (KHTML, like Gecko) Chrome/20.0.1092.0 Safari/536.6"
43.155.118.219 - - [27/Aug/2023:13:04:42 +0000] "HEAD /Core/Skin/Login.aspx HTTP/1.1" 400 0 "-" "Mozilla/5.0 (Windows NT 10.0; Win64; x64) AppleWebKit/537.36 (KHTML, like Gecko) Chrome/106.0.0.0 Safari/537.36"
142.93.115.5 - - [27/Aug/2023:13:07:22 +0000] "GET /aaa9 HTTP/1.1" 400 154 "-" "Mozilla/5.0 zgrab/0.x"
142.93.115.5 - - [27/Aug/2023:13:07:27 +0000] "GET /aab8 HTTP/1.1" 400 154 "-" "Mozilla/5.0 zgrab/0.x"
142.93.115.5 - - [27/Aug/2023:13:07:36 +0000] "GET / HTTP/1.1" 400 154 "-" "Mozilla/5.0 zgrab/0.x"
162.216.149.230 - - [27/Aug/2023:13:28:15 +0000] "GET / HTTP/1.1" 400 154 "-" "Expanse, a Palo Alto Networks company, searches across the global IPv4 space multiple times per day to identify customers&#39; presences on the Internet. If you would like to be excluded from our scans, please send IP addresses/domains to: scaninfo@paloaltonetworks.com"
185.254.196.173 - - [27/Aug/2023:13:36:10 +0000] "GET /.env HTTP/1.1" 400 154 "-" "Mozilla/5.0 (X11; Linux x86_64) AppleWebKit/537.36 (KHTML, like Gecko) Chrome/81.0.4044.129 Safari/537.36"
185.254.196.173 - - [27/Aug/2023:13:36:10 +0000] "POST / HTTP/1.1" 400 154 "-" "Mozilla/5.0 (X11; Linux x86_64) AppleWebKit/537.36 (KHTML, like Gecko) Chrome/81.0.4044.129 Safari/537.36"
135.125.246.189 - - [27/Aug/2023:13:38:26 +0000] "GET /.env HTTP/1.1" 400 154 "-" "Mozilla/5.0 (X11; Linux x86_64) AppleWebKit/537.36 (KHTML, like Gecko) Chrome/81.0.4044.129 Safari/537.36"
135.125.246.189 - - [27/Aug/2023:13:38:26 +0000] "POST / HTTP/1.1" 400 154 "-" "Mozilla/5.0 (X11; Linux x86_64) AppleWebKit/537.36 (KHTML, like Gecko) Chrome/81.0.4044.129 Safari/537.36"
45.79.181.104 - - [27/Aug/2023:13:54:52 +0000] "\x16\x03\x01\x00\x85\x01\x00\x00\x81\x03\x03\x92%Zy[@q\x1Fu\xB4\xD2_\xFD$\xAD#x\xB5yV\xC2(d\xCBx3b\x93?\xE9\xB3\xF4\x00\x00 \xC0/\xC00\xC0+\xC0,\xCC\xA8\xCC\xA9\xC0\x13\xC0\x09\xC0\x14\xC0" 400 157 "-" "-"
201.217.246.174 - - [27/Aug/2023:14:12:58 +0000] "GET / HTTP/1.1" 400 154 "-" "Mozilla/5.0 (Macintosh; Intel Mac OS X 10_11_6) AppleWebKit/601.7.7 (KHTML, like Gecko) Version/9.1.2 Safari/601.7.7"
43.155.118.219 - - [27/Aug/2023:14:37:51 +0000] "HEAD /Core/Skin/Login.aspx HTTP/1.1" 400 0 "-" "Mozilla/5.0 (Windows NT 10.0; Win64; x64) AppleWebKit/537.36 (KHTML, like Gecko) Chrome/106.0.0.0 Safari/537.36"
135.125.246.189 - - [27/Aug/2023:15:07:58 +0000] "GET /.env HTTP/1.1" 400 154 "-" "Mozilla/5.0 (X11; Linux x86_64) AppleWebKit/537.36 (KHTML, like Gecko) Chrome/81.0.4044.129 Safari/537.36"
135.125.246.189 - - [27/Aug/2023:15:07:58 +0000] "POST / HTTP/1.1" 400 154 "-" "Mozilla/5.0 (X11; Linux x86_64) AppleWebKit/537.36 (KHTML, like Gecko) Chrome/81.0.4044.129 Safari/537.36"
185.254.196.173 - - [27/Aug/2023:15:11:47 +0000] "GET /.env HTTP/1.1" 400 154 "-" "Mozilla/5.0 (X11; Linux x86_64) AppleWebKit/537.36 (KHTML, like Gecko) Chrome/81.0.4044.129 Safari/537.36"
185.254.196.173 - - [27/Aug/2023:15:11:47 +0000] "POST / HTTP/1.1" 400 154 "-" "Mozilla/5.0 (X11; Linux x86_64) AppleWebKit/537.36 (KHTML, like Gecko) Chrome/81.0.4044.129 Safari/537.36"
172.105.128.11 - - [27/Aug/2023:15:54:42 +0000] "\x16\x03\x01\x00\x85\x01\x00\x00\x81\x03\x03\x8DJ\xFD\x9D\xCE\x1E\x08\xF3F\xCF\x86\x81s\x9B\xE5\x8Fl\xC2^\xA6\xE7\x03\xC0`\x8EW<:\x8F\x8D\xB9:\x00\x00 \xC0/\xC00\xC0+\xC0,\xCC\xA8\xCC\xA9\xC0\x13\xC0\x09\xC0\x14\xC0" 400 157 "-" "-"
167.94.145.58 - - [27/Aug/2023:16:07:21 +0000] "GET / HTTP/1.1" 400 154 "-" "-"
167.94.145.58 - - [27/Aug/2023:16:07:21 +0000] "GET / HTTP/1.1" 400 154 "-" "Mozilla/5.0 (compatible; CensysInspect/1.1; +https://about.censys.io/)"
167.94.145.58 - - [27/Aug/2023:16:07:21 +0000] "PRI * HTTP/2.0" 400 157 "-" "-"
43.155.118.219 - - [27/Aug/2023:16:11:06 +0000] "HEAD /Core/Skin/Login.aspx HTTP/1.1" 400 0 "-" "Mozilla/5.0 (Windows NT 10.0; Win64; x64) AppleWebKit/537.36 (KHTML, like Gecko) Chrome/106.0.0.0 Safari/537.36"
135.125.246.110 - - [27/Aug/2023:16:27:25 +0000] "POST / HTTP/1.1" 400 154 "-" "Mozilla/5.0 (X11; Linux x86_64) AppleWebKit/537.36 (KHTML, like Gecko) Chrome/81.0.4044.129 Safari/537.36"
135.125.246.110 - - [27/Aug/2023:16:27:25 +0000] "GET /.env HTTP/1.1" 400 154 "-" "Mozilla/5.0 (X11; Linux x86_64) AppleWebKit/537.36 (KHTML, like Gecko) Chrome/81.0.4044.129 Safari/537.36"
185.254.196.173 - - [27/Aug/2023:16:29:04 +0000] "GET /.env HTTP/1.1" 400 154 "-" "Mozilla/5.0 (X11; Linux x86_64) AppleWebKit/537.36 (KHTML, like Gecko) Chrome/81.0.4044.129 Safari/537.36"
43.155.118.219 - - [27/Aug/2023:17:44:09 +0000] "HEAD /Core/Skin/Login.aspx HTTP/1.1" 400 0 "-" "Mozilla/5.0 (Windows NT 10.0; Win64; x64) AppleWebKit/537.36 (KHTML, like Gecko) Chrome/106.0.0.0 Safari/537.36"
45.79.181.104 - - [27/Aug/2023:17:47:44 +0000] "\x16\x03\x01\x00\x85\x01\x00\x00\x81\x03\x03K,\xB3\x1CG\x19\xC1\x92\xC5" 400 157 "-" "-"
135.125.246.110 - - [27/Aug/2023:18:04:37 +0000] "POST / HTTP/1.1" 400 154 "-" "Mozilla/5.0 (X11; Linux x86_64) AppleWebKit/537.36 (KHTML, like Gecko) Chrome/81.0.4044.129 Safari/537.36"
135.125.246.110 - - [27/Aug/2023:18:04:37 +0000] "GET /.env HTTP/1.1" 400 154 "-" "Mozilla/5.0 (X11; Linux x86_64) AppleWebKit/537.36 (KHTML, like Gecko) Chrome/81.0.4044.129 Safari/537.36"
117.201.70.139 - - [27/Aug/2023:18:15:42 +0000] "GET / HTTP/1.1" 400 154 "-" "Mozilla/5.0 (Macintosh; Intel Mac OS X 10_11_6) AppleWebKit/601.7.7 (KHTML, like Gecko) Version/9.1.2 Safari/601.7.7"
94.102.61.10 - - [27/Aug/2023:18:32:15 +0000] "GET / HTTP/1.1" 400 154 "-" "Mozilla/5.0 (Windows NT 10.0; Win64; x64) AppleWebKit/537.36 (KHTML, like Gecko) Chrome/88.0.4324.190 Safari/537.36"
205.210.31.137 - - [27/Aug/2023:18:44:46 +0000] "GET / HTTP/1.0" 200 4076 "-" "Expanse, a Palo Alto Networks company, searches across the global IPv4 space multiple times per day to identify customers&#39; presences on the Internet. If you would like to be excluded from our scans, please send IP addresses/domains to: scaninfo@paloaltonetworks.com"
43.155.118.219 - - [27/Aug/2023:19:17:40 +0000] "HEAD /Core/Skin/Login.aspx HTTP/1.1" 400 0 "-" "Mozilla/5.0 (Windows NT 10.0; Win64; x64) AppleWebKit/537.36 (KHTML, like Gecko) Chrome/106.0.0.0 Safari/537.36"
141.98.11.60 - - [27/Aug/2023:20:06:26 +0000] "GET / HTTP/1.1" 400 154 "-" "Mozilla/5.0 (Windows NT 10.0; Win64; x64) AppleWebKit/537.36 (KHTML, like Gecko) Chrome/90.0.4430.85 Safari/537.36 Edg/90.0.818.46"
135.125.246.110 - - [27/Aug/2023:20:14:09 +0000] "POST / HTTP/1.1" 400 154 "-" "Mozilla/5.0 (X11; Linux x86_64) AppleWebKit/537.36 (KHTML, like Gecko) Chrome/81.0.4044.129 Safari/537.36"
135.125.246.110 - - [27/Aug/2023:20:14:09 +0000] "GET /.env HTTP/1.1" 400 154 "-" "Mozilla/5.0 (X11; Linux x86_64) AppleWebKit/537.36 (KHTML, like Gecko) Chrome/81.0.4044.129 Safari/537.36"
135.125.246.110 - - [27/Aug/2023:20:45:55 +0000] "POST / HTTP/1.1" 400 154 "-" "Mozilla/5.0 (X11; Linux x86_64) AppleWebKit/537.36 (KHTML, like Gecko) Chrome/81.0.4044.129 Safari/537.36"
135.125.246.110 - - [27/Aug/2023:20:45:55 +0000] "GET /.env HTTP/1.1" 400 154 "-" "Mozilla/5.0 (X11; Linux x86_64) AppleWebKit/537.36 (KHTML, like Gecko) Chrome/81.0.4044.129 Safari/537.36"
43.155.118.219 - - [27/Aug/2023:20:51:52 +0000] "HEAD /Core/Skin/Login.aspx HTTP/1.1" 400 0 "-" "Mozilla/5.0 (Windows NT 10.0; Win64; x64) AppleWebKit/537.36 (KHTML, like Gecko) Chrome/106.0.0.0 Safari/537.36"
146.19.215.41 - - [27/Aug/2023:21:05:48 +0000] "GET /.env HTTP/1.1" 400 154 "-" "python-requests/2.31.0"
146.19.215.41 - - [27/Aug/2023:21:06:00 +0000] "POST / HTTP/1.1" 400 154 "-" "python-requests/2.31.0"
37.70.34.43 - - [27/Aug/2023:22:16:36 +0000] "GET / HTTP/1.1" 400 154 "-" "Mozilla/5.0 (Windows NT 6.1; WOW64) AppleWebKit/537.36 (KHTML, like Gecko) Chrome/52.0.2743.116 Safari/537.36"
43.155.118.219 - - [27/Aug/2023:22:24:51 +0000] "HEAD /Core/Skin/Login.aspx HTTP/1.1" 400 0 "-" "Mozilla/5.0 (Windows NT 10.0; Win64; x64) AppleWebKit/537.36 (KHTML, like Gecko) Chrome/106.0.0.0 Safari/537.36"
135.125.246.110 - - [27/Aug/2023:22:38:25 +0000] "POST / HTTP/1.1" 400 154 "-" "Mozilla/5.0 (X11; Linux x86_64) AppleWebKit/537.36 (KHTML, like Gecko) Chrome/81.0.4044.129 Safari/537.36"
135.125.246.110 - - [27/Aug/2023:22:38:25 +0000] "GET /.env HTTP/1.1" 400 154 "-" "Mozilla/5.0 (X11; Linux x86_64) AppleWebKit/537.36 (KHTML, like Gecko) Chrome/81.0.4044.129 Safari/537.36"
162.216.149.51 - - [27/Aug/2023:22:58:10 +0000] "GET / HTTP/1.1" 400 154 "-" "Expanse, a Palo Alto Networks company, searches across the global IPv4 space multiple times per day to identify customers&#39; presences on the Internet. If you would like to be excluded from our scans, please send IP addresses/domains to: scaninfo@paloaltonetworks.com"
43.155.118.219 - - [27/Aug/2023:23:57:45 +0000] "HEAD /Core/Skin/Login.aspx HTTP/1.1" 400 0 "-" "Mozilla/5.0 (Windows NT 10.0; Win64; x64) AppleWebKit/537.36 (KHTML, like Gecko) Chrome/106.0.0.0 Safari/537.36"
205.210.31.36 - - [28/Aug/2023:00:41:06 +0000] "GET / HTTP/1.1" 400 154 "-" "-"
135.125.246.110 - - [28/Aug/2023:00:59:34 +0000] "POST / HTTP/1.1" 400 154 "-" "Mozilla/5.0 (X11; Linux x86_64) AppleWebKit/537.36 (KHTML, like Gecko) Chrome/81.0.4044.129 Safari/537.36"
135.125.246.110 - - [28/Aug/2023:00:59:34 +0000] "GET /.env HTTP/1.1" 400 154 "-" "Mozilla/5.0 (X11; Linux x86_64) AppleWebKit/537.36 (KHTML, like Gecko) Chrome/81.0.4044.129 Safari/537.36"
43.155.118.219 - - [28/Aug/2023:01:30:38 +0000] "HEAD /Core/Skin/Login.aspx HTTP/1.1" 400 0 "-" "Mozilla/5.0 (Windows NT 10.0; Win64; x64) AppleWebKit/537.36 (KHTML, like Gecko) Chrome/106.0.0.0 Safari/537.36"
82.193.118.99 - - [28/Aug/2023:01:39:20 +0000] "GET / HTTP/1.1" 400 154 "-" "Mozilla/5.0 (Windows NT 6.1; WOW64) AppleWebKit/537.36 (KHTML, like Gecko) Chrome/51.0.2704.103 Safari/537.36"
135.125.246.110 - - [28/Aug/2023:01:39:46 +0000] "POST / HTTP/1.1" 400 154 "-" "Mozilla/5.0 (X11; Linux x86_64) AppleWebKit/537.36 (KHTML, like Gecko) Chrome/81.0.4044.129 Safari/537.36"
135.125.246.110 - - [28/Aug/2023:01:39:46 +0000] "GET /.env HTTP/1.1" 400 154 "-" "Mozilla/5.0 (X11; Linux x86_64) AppleWebKit/537.36 (KHTML, like Gecko) Chrome/81.0.4044.129 Safari/537.36"
3.230.173.139 - - [28/Aug/2023:02:35:09 +0000] "GET / HTTP/1.1" 400 154 "-" "Mozilla/5.0 (Linux; U; Android 4.0.3; de-de; Galaxy S II Build/GRJ22) AppleWebKit/534.30 (KHTML, like Gecko) Version/4.0 Mobile Safari/534.30"
43.155.118.219 - - [28/Aug/2023:03:03:18 +0000] "HEAD /Core/Skin/Login.aspx HTTP/1.1" 400 0 "-" "Mozilla/5.0 (Windows NT 10.0; Win64; x64) AppleWebKit/537.36 (KHTML, like Gecko) Chrome/106.0.0.0 Safari/537.36"
191.241.233.47 - - [28/Aug/2023:03:48:09 +0000] "GET / HTTP/1.1" 400 154 "-" "Mozilla/5.0 (Windows NT 10.0; WOW64) AppleWebKit/537.36 (KHTML, like Gecko) Chrome/51.0.2704.103 Safari/537.36"
45.79.172.21 - - [28/Aug/2023:03:48:31 +0000] "\x16\x03\x01\x00\x85\x01\x00\x00\x81\x03\x03\xD8\xD7\xCE\xD2n?\x90}\x10%A\xBC!$\xEE\xB7\xC0\xE5Ih\xFE\x9FF\xD5\x89Gr&q\x01\xA1\xE1\x00\x00 \xC0/\xC00\xC0+\xC0,\xCC\xA8\xCC\xA9\xC0\x13\xC0\x09\xC0\x14\xC0" 400 157 "-" "-"
71.6.232.28 - - [28/Aug/2023:04:02:16 +0000] "GET / HTTP/1.1" 400 154 "-" "Mozilla/5.0 (Windows NT 10.0; Win64; x64) AppleWebKit/537.36 (KHTML, like Gecko) Chrome/74.0.3729.131 Safari/537.36"
185.254.196.186 - - [28/Aug/2023:04:31:07 +0000] "GET /.env HTTP/1.1" 400 154 "-" "Mozilla/5.0 (X11; Linux x86_64) AppleWebKit/537.36 (KHTML, like Gecko) Chrome/81.0.4044.129 Safari/537.36"
185.254.196.186 - - [28/Aug/2023:04:31:08 +0000] "POST / HTTP/1.1" 400 154 "-" "Mozilla/5.0 (X11; Linux x86_64) AppleWebKit/537.36 (KHTML, like Gecko) Chrome/81.0.4044.129 Safari/537.36"
43.155.118.219 - - [28/Aug/2023:04:36:07 +0000] "HEAD /Core/Skin/Login.aspx HTTP/1.1" 400 0 "-" "Mozilla/5.0 (Windows NT 10.0; Win64; x64) AppleWebKit/537.36 (KHTML, like Gecko) Chrome/106.0.0.0 Safari/537.36"
135.125.246.110 - - [28/Aug/2023:04:41:56 +0000] "POST / HTTP/1.1" 400 154 "-" "Mozilla/5.0 (X11; Linux x86_64) AppleWebKit/537.36 (KHTML, like Gecko) Chrome/81.0.4044.129 Safari/537.36"
135.125.246.110 - - [28/Aug/2023:04:41:56 +0000] "GET /.env HTTP/1.1" 400 154 "-" "Mozilla/5.0 (X11; Linux x86_64) AppleWebKit/537.36 (KHTML, like Gecko) Chrome/81.0.4044.129 Safari/537.36"
216.218.206.69 - - [28/Aug/2023:05:08:44 +0000] "GET / HTTP/1.1" 400 154 "-" "Mozilla/5.0 (Windows NT 10.0; Win64; x64) AppleWebKit/537.36 (KHTML, like Gecko) Chrome/108.0.0.0 YaBrowser/23.1.2.987 Yowser/2.5 Safari/537.36"
216.218.206.69 - - [28/Aug/2023:05:12:29 +0000] "GET /geoserver/web/ HTTP/1.1" 400 154 "-" "Mozilla/5.0 (Windows NT 10.0; Win64; x64) AppleWebKit/537.36 (KHTML, like Gecko) Chrome/108.0.0.0 YaBrowser/23.1.2.987 Yowser/2.5 Safari/537.36"
205.210.31.175 - - [28/Aug/2023:05:19:42 +0000] "GET / HTTP/1.1" 400 154 "-" "-"
182.92.174.163 - - [28/Aug/2023:05:29:35 +0000] "GET /phpMyAdmin/ HTTP/1.1" 400 154 "-" "-"
43.155.118.219 - - [28/Aug/2023:06:08:49 +0000] "HEAD /Core/Skin/Login.aspx HTTP/1.1" 400 0 "-" "Mozilla/5.0 (Windows NT 10.0; Win64; x64) AppleWebKit/537.36 (KHTML, like Gecko) Chrome/106.0.0.0 Safari/537.36"
198.199.103.54 - - [28/Aug/2023:06:19:13 +0000] "MGLNDD_18.198.235.238_80" 400 157 "-" "-"
135.125.246.110 - - [28/Aug/2023:06:38:16 +0000] "POST / HTTP/1.1" 400 154 "-" "Mozilla/5.0 (X11; Linux x86_64) AppleWebKit/537.36 (KHTML, like Gecko) Chrome/81.0.4044.129 Safari/537.36"
135.125.246.110 - - [28/Aug/2023:06:38:16 +0000] "GET /.env HTTP/1.1" 400 154 "-" "Mozilla/5.0 (X11; Linux x86_64) AppleWebKit/537.36 (KHTML, like Gecko) Chrome/81.0.4044.129 Safari/537.36"
118.201.94.238 - - [28/Aug/2023:07:27:16 +0000] "GET /backend/.env HTTP/1.1" 400 154 "-" "Mozilla/5.0 (X11; Linux x86_64) AppleWebKit/537.36 (KHTML, like Gecko) Chrome/81.0.4044.129 Safari/537.36"
118.201.94.238 - - [28/Aug/2023:07:27:17 +0000] "POST /backend HTTP/1.1" 400 154 "-" "Mozilla/5.0 (X11; Linux x86_64) AppleWebKit/537.36 (KHTML, like Gecko) Chrome/81.0.4044.129 Safari/537.36"
43.155.118.219 - - [28/Aug/2023:07:41:46 +0000] "HEAD /Core/Skin/Login.aspx HTTP/1.1" 400 0 "-" "Mozilla/5.0 (Windows NT 10.0; Win64; x64) AppleWebKit/537.36 (KHTML, like Gecko) Chrome/106.0.0.0 Safari/537.36"
35.203.211.106 - - [28/Aug/2023:08:04:20 +0000] "GET / HTTP/1.1" 400 154 "-" "Expanse, a Palo Alto Networks company, searches across the global IPv4 space multiple times per day to identify customers&#39; presences on the Internet. If you would like to be excluded from our scans, please send IP addresses/domains to: scaninfo@paloaltonetworks.com"
135.125.246.110 - - [28/Aug/2023:08:10:57 +0000] "POST / HTTP/1.1" 400 154 "-" "Mozilla/5.0 (X11; Linux x86_64) AppleWebKit/537.36 (KHTML, like Gecko) Chrome/81.0.4044.129 Safari/537.36"
135.125.246.110 - - [28/Aug/2023:08:10:57 +0000] "GET /.env HTTP/1.1" 400 154 "-" "Mozilla/5.0 (X11; Linux x86_64) AppleWebKit/537.36 (KHTML, like Gecko) Chrome/81.0.4044.129 Safari/537.36"
198.235.24.174 - - [28/Aug/2023:08:18:34 +0000] "GET / HTTP/1.0" 200 4076 "-" "Expanse, a Palo Alto Networks company, searches across the global IPv4 space multiple times per day to identify customers&#39; presences on the Internet. If you would like to be excluded from our scans, please send IP addresses/domains to: scaninfo@paloaltonetworks.com"
205.210.31.138 - - [28/Aug/2023:08:22:50 +0000] "\x16\x03\x01\x00\xCA\x01\x00\x00\xC6\x03\x03\x90\x8Cv\xA9\xA4\x7F\x08&\xD8\xE4\x00(\xCF\x16b+\xA4\x0E\xD6\x92\xB2\x97" 400 157 "-" "-"
